
> uds-from-docs@0.0.0 build-storybook
> storybook build --output-dir=/private/var/folders/yy/z7prvp2j43dbmc67r5rzgm9r0000gn/T/chromatic--95323-SbxYdTVLinpe


[90m┌[39m  Building storybook v10.6.0
[90m│[39m
[32m◇[39m  Cleaning outputDir:
[90m│[39m  [36m../../../../private/var/folders/yy/z7prvp2j43dbmc67r5rzgm9r0000gn/T/chromatic--95323-SbxYdTVLinpe[39m
[90m│[39m
[32m◇[39m  Loading presets
[90m│[39m
[32m◇[39m  Building manager..
[90m│[39m
[34m●[39m  Building open services..
[90m│[39m
[34m●[39m  Building preview..
[90m│[39m
[33m▲[39m  No story files found for the specified pattern: [34msrc/**/*.mdx[39m
[90m│[39m  [43mVite[49m [36mvite v8.2.2 [32mbuilding client environment for production...[36m[39m
transforming...
✓ 4751 modules transformed.
rendering chunks...
computing gzip size...
[90m│[39m  [43mVite[49m
[90m│[39m  ../../../../private/var/folders/yy/z7prvp2j43dbmc67r5rzgm9r0000gn/T/chromatic--95323-SbxYdTVLinpe/iframe.html
[90m│[39m  19.35 kB │ gzip:   5.38 kB
[90m│[39m  ../../../../private/var/folders/yy/z7prvp2j43dbmc67r5rzgm9r0000gn/T/chromatic--95323-SbxYdTVLinpe/assets/iframe-DCn9ASzJ.css
[90m│[39m  29.61 kB │ gzip:   6.51 kB
[90m│[39m  ../../../../private/var/folders/yy/z7prvp2j43dbmc67r5rzgm9r0000gn/T/chromatic--95323-SbxYdTVLinpe/assets/iframe-DoMvQZ_U.js
[90m│[39m  0.04 kB │ gzip:   0.06 kB
[90m│[39m  ../../../../private/var/folders/yy/z7prvp2j43dbmc67r5rzgm9r0000gn/T/chromatic--95323-SbxYdTVLinpe/assets/components-276bVQub.js
[90m│[39m  0.21 kB │ gzip:   0.18 kB
[90m│[39m  ../../../../private/var/folders/yy/z7prvp2j43dbmc67r5rzgm9r0000gn/T/chromatic--95323-SbxYdTVLinpe/assets/chunk-242VQQM5-bHL6qIJq.js
[90m│[39m  0.24 kB │ gzip:   0.20 kB
[90m│[39m  ../../../../private/var/folders/yy/z7prvp2j43dbmc67r5rzgm9r0000gn/T/chromatic--95323-SbxYdTVLinpe/assets/formatter-L2YTDE3Q-RkjpF8cC.js
[90m│[39m  0.30 kB │ gzip:   0.24 kB
[90m│[39m  ../../../../private/var/folders/yy/z7prvp2j43dbmc67r5rzgm9r0000gn/T/chromatic--95323-SbxYdTVLinpe/assets/chunk-QQBDHPVZ-DC5n6Pix.js
[90m│[39m  0.32 kB │ gzip:   0.20 kB
[90m│[39m  ../../../../private/var/folders/yy/z7prvp2j43dbmc67r5rzgm9r0000gn/T/chromatic--95323-SbxYdTVLinpe/assets/jsx-runtime-DeHZSEgm.js
[90m│[39m  0.43 kB │ gzip:   0.30 kB
[90m│[39m  ../../../../private/var/folders/yy/z7prvp2j43dbmc67r5rzgm9r0000gn/T/chromatic--95323-SbxYdTVLinpe/assets/react-TpNJAp7U.js
[90m│[39m  0.58 kB │ gzip:   0.35 kB
[90m│[39m  ../../../../private/var/folders/yy/z7prvp2j43dbmc67r5rzgm9r0000gn/T/chromatic--95323-SbxYdTVLinpe/assets/IconBase.es-pxBxPCZ0.js
[90m│[39m  0.75 kB │ gzip:   0.48 kB
[90m│[39m  ../../../../private/var/folders/yy/z7prvp2j43dbmc67r5rzgm9r0000gn/T/chromatic--95323-SbxYdTVLinpe/assets/rolldown-runtime-DkW27tQK.js
[90m│[39m  1.19 kB │ gzip:   0.67 kB
[90m│[39m  ../../../../private/var/folders/yy/z7prvp2j43dbmc67r5rzgm9r0000gn/T/chromatic--95323-SbxYdTVLinpe/assets/preload-helper-wdlQj8DP.js
[90m│[39m  1.31 kB │ gzip:   0.74 kB
[90m│[39m  ../../../../private/var/folders/yy/z7prvp2j43dbmc67r5rzgm9r0000gn/T/chromatic--95323-SbxYdTVLinpe/assets/CaretDown.es-CBzbpW4d.js
[90m│[39m  1.57 kB │ gzip:   0.66 kB
[90m│[39m  ../../../../private/var/folders/yy/z7prvp2j43dbmc67r5rzgm9r0000gn/T/chromatic--95323-SbxYdTVLinpe/assets/chunk-IMSF75WX-CGYlPTyG.js
[90m│[39m  1.67 kB │ gzip:   0.91 kB
[90m│[39m  ../../../../private/var/folders/yy/z7prvp2j43dbmc67r5rzgm9r0000gn/T/chromatic--95323-SbxYdTVLinpe/assets/Check.es-kTl_3eZI.js
[90m│[39m  1.74 kB │ gzip:   0.68 kB
[90m│[39m  ../../../../private/var/folders/yy/z7prvp2j43dbmc67r5rzgm9r0000gn/T/chromatic--95323-SbxYdTVLinpe/assets/Placeholder.es-Bp6xDmyA.js
[90m│[39m  2.08 kB │ gzip:   0.82 kB
[90m│[39m  ../../../../private/var/folders/yy/z7prvp2j43dbmc67r5rzgm9r0000gn/T/chromatic--95323-SbxYdTVLinpe/assets/X.es-D8H5Q8fw.js
[90m│[39m  2.13 kB │ gzip:   0.77 kB
[90m│[39m  ../../../../private/var/folders/yy/z7prvp2j43dbmc67r5rzgm9r0000gn/T/chromatic--95323-SbxYdTVLinpe/assets/Info.es-B4Hnzr-2.js
[90m│[39m  2.41 kB │ gzip:   0.91 kB
[90m│[39m  ../../../../private/var/folders/yy/z7prvp2j43dbmc67r5rzgm9r0000gn/T/chromatic--95323-SbxYdTVLinpe/assets/XCircle.es-BXKa1bEm.js
[90m│[39m  2.65 kB │ gzip:   0.90 kB
[90m│[39m  ../../../../private/var/folders/yy/z7prvp2j43dbmc67r5rzgm9r0000gn/T/chromatic--95323-SbxYdTVLinpe/assets/chunk-DRQKCCAG-DtXejAOb.js
[90m│[39m  3.38 kB │ gzip:   1.41 kB
[90m│[39m  ../../../../private/var/folders/yy/z7prvp2j43dbmc67r5rzgm9r0000gn/T/chromatic--95323-SbxYdTVLinpe/assets/Button-0WKBTy0F.js
[90m│[39m  3.42 kB │ gzip:   1.18 kB
[90m│[39m  ../../../../private/var/folders/yy/z7prvp2j43dbmc67r5rzgm9r0000gn/T/chromatic--95323-SbxYdTVLinpe/assets/react-dom-DjVBgK47.js
[90m│[39m  3.58 kB │ gzip:   1.37 kB
[90m│[39m  ../../../../private/var/folders/yy/z7prvp2j43dbmc67r5rzgm9r0000gn/T/chromatic--95323-SbxYdTVLinpe/assets/Checkbox-BqYWaqqZ.js
[90m│[39m  4.27 kB │ gzip:   1.41 kB
[90m│[39m  ../../../../private/var/folders/yy/z7prvp2j43dbmc67r5rzgm9r0000gn/T/chromatic--95323-SbxYdTVLinpe/assets/Icon.stories-Ckiug2ab.js
[90m│[39m  4.27 kB │ gzip:   1.52 kB
[90m│[39m  ../../../../private/var/folders/yy/z7prvp2j43dbmc67r5rzgm9r0000gn/T/chromatic--95323-SbxYdTVLinpe/assets/Accordion.stories-ubavkby2.js
[90m│[39m  4.33 kB │ gzip:   1.54 kB
[90m│[39m  ../../../../private/var/folders/yy/z7prvp2j43dbmc67r5rzgm9r0000gn/T/chromatic--95323-SbxYdTVLinpe/assets/Callout.stories-CHv0fWq8.js
[90m│[39m  4.50 kB │ gzip:   1.44 kB
[90m│[39m  ../../../../private/var/folders/yy/z7prvp2j43dbmc67r5rzgm9r0000gn/T/chromatic--95323-SbxYdTVLinpe/assets/Tooltip.stories-Cr6Rpdzg.js
[90m│[39m  4.66 kB │ gzip:   1.71 kB
[90m│[39m  ../../../../private/var/folders/yy/z7prvp2j43dbmc67r5rzgm9r0000gn/T/chromatic--95323-SbxYdTVLinpe/assets/TextField.stories-Bx7nL1km.js
[90m│[39m  5.11 kB │ gzip:   1.74 kB
[90m│[39m  ../../../../private/var/folders/yy/z7prvp2j43dbmc67r5rzgm9r0000gn/T/chromatic--95323-SbxYdTVLinpe/assets/chunk-7PIQR4A3-BGgO7bU4.js
[90m│[39m  5.14 kB │ gzip:   1.93 kB
[90m│[39m  ../../../../private/var/folders/yy/z7prvp2j43dbmc67r5rzgm9r0000gn/T/chromatic--95323-SbxYdTVLinpe/assets/Warning.es-CGGE7H2p.js
[90m│[39m  5.67 kB │ gzip:   1.71 kB
[90m│[39m  ../../../../private/var/folders/yy/z7prvp2j43dbmc67r5rzgm9r0000gn/T/chromatic--95323-SbxYdTVLinpe/assets/Tab.stories-DujDUIh7.js
[90m│[39m  5.81 kB │ gzip:   1.75 kB
[90m│[39m  ../../../../private/var/folders/yy/z7prvp2j43dbmc67r5rzgm9r0000gn/T/chromatic--95323-SbxYdTVLinpe/assets/Switch.stories-DBkZIXBn.js
[90m│[39m  5.84 kB │ gzip:   1.93 kB
[90m│[39m  ../../../../private/var/folders/yy/z7prvp2j43dbmc67r5rzgm9r0000gn/T/chromatic--95323-SbxYdTVLinpe/assets/Avatar.stories-W3YKc96w.js
[90m│[39m  5.98 kB │ gzip:   2.25 kB
[90m│[39m  ../../../../private/var/folders/yy/z7prvp2j43dbmc67r5rzgm9r0000gn/T/chromatic--95323-SbxYdTVLinpe/assets/Table.stories-sQIb3kUM.js
[90m│[39m  6.09 kB │ gzip:   2.10 kB
[90m│[39m  ../../../../private/var/folders/yy/z7prvp2j43dbmc67r5rzgm9r0000gn/T/chromatic--95323-SbxYdTVLinpe/assets/Button.stories-Ucu1Z4DO.js
[90m│[39m  6.19 kB │ gzip:   1.42 kB
[90m│[39m  ../../../../private/var/folders/yy/z7prvp2j43dbmc67r5rzgm9r0000gn/T/chromatic--95323-SbxYdTVLinpe/assets/Tag.stories-CVuBJ-X_.js
[90m│[39m  6.22 kB │ gzip:   2.06 kB
[90m│[39m  ../../../../private/var/folders/yy/z7prvp2j43dbmc67r5rzgm9r0000gn/T/chromatic--95323-SbxYdTVLinpe/assets/SegmentedControl.stories-eSfpN3Kd.js
[90m│[39m  6.32 kB │ gzip:   1.80 kB
[90m│[39m  ../../../../private/var/folders/yy/z7prvp2j43dbmc67r5rzgm9r0000gn/T/chromatic--95323-SbxYdTVLinpe/assets/SearchInput.stories-B8NAdwWE.js
[90m│[39m  6.67 kB │ gzip:   2.43 kB
[90m│[39m  ../../../../private/var/folders/yy/z7prvp2j43dbmc67r5rzgm9r0000gn/T/chromatic--95323-SbxYdTVLinpe/assets/NumberField.stories-kXJVGtD7.js
[90m│[39m  7.45 kB │ gzip:   2.45 kB
[90m│[39m  ../../../../private/var/folders/yy/z7prvp2j43dbmc67r5rzgm9r0000gn/T/chromatic--95323-SbxYdTVLinpe/assets/Toast.stories-ClTDOnTe.js
[90m│[39m  7.93 kB │ gzip:   2.69 kB
[90m│[39m  ../../../../private/var/folders/yy/z7prvp2j43dbmc67r5rzgm9r0000gn/T/chromatic--95323-SbxYdTVLinpe/assets/Checkbox.stories-Bx3n02fC.js
[90m│[39m  7.95 kB │ gzip:   1.97 kB
[90m│[39m  ../../../../private/var/folders/yy/z7prvp2j43dbmc67r5rzgm9r0000gn/T/chromatic--95323-SbxYdTVLinpe/assets/TextareaField.stories-bJmgU9G1.js
[90m│[39m  8.39 kB │ gzip:   2.99 kB
[90m│[39m  ../../../../private/var/folders/yy/z7prvp2j43dbmc67r5rzgm9r0000gn/T/chromatic--95323-SbxYdTVLinpe/assets/RadioButton.stories-Cuz9BG-8.js
[90m│[39m  8.87 kB │ gzip:   2.47 kB
[90m│[39m  ../../../../private/var/folders/yy/z7prvp2j43dbmc67r5rzgm9r0000gn/T/chromatic--95323-SbxYdTVLinpe/assets/DateField.stories-B_BJkPN7.js
[90m│[39m  9.77 kB │ gzip:   3.02 kB
[90m│[39m  ../../../../private/var/folders/yy/z7prvp2j43dbmc67r5rzgm9r0000gn/T/chromatic--95323-SbxYdTVLinpe/assets/Typography.stories-Csm-_V8L.js
[90m│[39m  10.32 kB │ gzip:   2.40 kB
[90m│[39m  ../../../../private/var/folders/yy/z7prvp2j43dbmc67r5rzgm9r0000gn/T/chromatic--95323-SbxYdTVLinpe/assets/SelectField.stories-DnjANdWG.js
[90m│[39m  13.42 kB │ gzip:   4.13 kB
[90m│[39m  ../../../../private/var/folders/yy/z7prvp2j43dbmc67r5rzgm9r0000gn/T/chromatic--95323-SbxYdTVLinpe/assets/PasswordField.stories-DzbyNr-f.js
[90m│[39m  15.80 kB │ gzip:   4.98 kB
[90m│[39m  ../../../../private/var/folders/yy/z7prvp2j43dbmc67r5rzgm9r0000gn/T/chromatic--95323-SbxYdTVLinpe/assets/chunk-W22LQPXL-CQRkapD3.js
[90m│[39m  22.75 kB │ gzip:   7.61 kB
[90m│[39m  ../../../../private/var/folders/yy/z7prvp2j43dbmc67r5rzgm9r0000gn/T/chromatic--95323-SbxYdTVLinpe/vite-inject-mocker-entry.js
[90m│[39m  27.84 kB │ gzip:   9.66 kB
[90m│[39m  ../../../../private/var/folders/yy/z7prvp2j43dbmc67r5rzgm9r0000gn/T/chromatic--95323-SbxYdTVLinpe/assets/matchers-JIUQ3HVY-C789_MAK.js
[90m│[39m  28.79 kB │ gzip:   9.68 kB
[90m│[39m  ../../../../private/var/folders/yy/z7prvp2j43dbmc67r5rzgm9r0000gn/T/chromatic--95323-SbxYdTVLinpe/assets/Color-6AOWCN3U-C1p3SjZr.js
[90m│[39m  30.39 kB │ gzip:  11.49 kB
[90m│[39m  ../../../../private/var/folders/yy/z7prvp2j43dbmc67r5rzgm9r0000gn/T/chromatic--95323-SbxYdTVLinpe/assets/WithTooltip-CDUNV5IS-jCYxX4BB.js
[90m│[39m  32.75 kB │ gzip:  11.49 kB
[90m│[39m  ../../../../private/var/folders/yy/z7prvp2j43dbmc67r5rzgm9r0000gn/T/chromatic--95323-SbxYdTVLinpe/assets/theming-BVs9yR_5.js
[90m│[39m  55.40 kB │ gzip:  21.34 kB
[90m│[39m  ../../../../private/var/folders/yy/z7prvp2j43dbmc67r5rzgm9r0000gn/T/chromatic--95323-SbxYdTVLinpe/assets/syntaxhighlighter-4REYKNEV-C48A4JnO.js
[90m│[39m  75.89 kB │ gzip:  27.26 kB
[90m│[39m  ../../../../private/var/folders/yy/z7prvp2j43dbmc67r5rzgm9r0000gn/T/chromatic--95323-SbxYdTVLinpe/assets/react-18-DYfafNB-.js
[90m│[39m  179.10 kB │ gzip:  56.67 kB
[90m│[39m  ../../../../private/var/folders/yy/z7prvp2j43dbmc67r5rzgm9r0000gn/T/chromatic--95323-SbxYdTVLinpe/assets/axe-DAwsjurR.js
[90m│[39m  586.95 kB │ gzip: 160.20 kB
[90m│[39m  ../../../../private/var/folders/yy/z7prvp2j43dbmc67r5rzgm9r0000gn/T/chromatic--95323-SbxYdTVLinpe/assets/DocsRenderer-JROSPFPF-B9B0c_KF.js
[90m│[39m  753.32 kB │ gzip: 239.13 kB
[90m│[39m  ../../../../private/var/folders/yy/z7prvp2j43dbmc67r5rzgm9r0000gn/T/chromatic--95323-SbxYdTVLinpe/assets/iframe-BLj6cjuC.js
[90m│[39m  1,141.25 kB │ gzip: 325.65 kB

[90m│[39m
[33m▲[39m  [43mVite[49m [33m[plugin builtin:vite-reporter]
[90m│[39m  (!) Some chunks are larger than 500 kB after minification. Consider:
[90m│[39m  - Using dynamic import() to code-split the application
[90m│[39m  - Use build.rolldownOptions.output.codeSplitting to improve chunking:
[90m│[39m  https://rolldown.rs/reference/OutputOptions.codeSplitting
[90m│[39m  - Adjust chunk size limit for this warning via
[90m│[39m  build.chunkSizeWarningLimit.[39m
[90m│[39m  [43mVite[49m [32m✓ built in 1.39s[39m
[90m│[39m
[32m◇[39m  Output directory:
[90m│[39m  /private/var/folders/yy/z7prvp2j43dbmc67r5rzgm9r0000gn/T/chromatic--95323-SbxYdTVLinpe
[90m│[39m
[90m└[39m  Storybook build completed successfully

